CREATE EXTENSION pg_diff_json;

-- one-level tests

\echo 'one-level test (identity)'
one-level test (identity)
SELECT diff_jsonb($${
  "a": 0,
  "b": 1
}$$, $${
  "a": 0,
  "b": 1
}$$);
 diff_jsonb 
------------
 
(1 row)


\echo 'one-level test (delete)'
one-level test (delete)
SELECT diff_jsonb($${
  "a": 0,
  "b": 1
}$$, $${
  "a": 0
}$$);
  diff_jsonb  
--------------
 {"(-,{b},)"}
(1 row)


\echo 'one-level test (new value)'
one-level test (new value)
SELECT diff_jsonb($${
  "a": 0,
  "b": 1
}$$, $${
  "a": 0,
  "b": 2
}$$);
  diff_jsonb   
---------------
 {"(+,{b},2)"}
(1 row)


\echo 'one-level test (new type)'
one-level test (new type)
SELECT diff_jsonb($${
  "a": 0,
  "b": 1
}$$, $${
  "a": 0,
  "b": true
}$$);
    diff_jsonb    
------------------
 {"(+,{b},true)"}
(1 row)


\echo 'one-level test (new value and new type)'
one-level test (new value and new type)
SELECT diff_jsonb($${
  "a": 0,
  "b": 1
}$$, $${
  "a": 1,
  "b": true
}$$);
          diff_jsonb          
------------------------------
 {"(+,{b},true)","(+,{a},1)"}
(1 row)

